\BOOKMARK [0][-]{chapter.1}{\376\377\000I\000n\000t\000r\000o\000d\000u\000c\000c\000i\000\363\000n\000\040\000a\000\040\000C\000i\000r\000c\000o\000m}{}% 1
\BOOKMARK [1][-]{section.1.1}{\376\377\000Z\000e\000r\000o\000\040\000K\000n\000o\000w\000l\000e\000d\000g\000e\000\040\000P\000r\000o\000o\000f}{chapter.1}% 2
\BOOKMARK [1][-]{section.1.2}{\376\377\000C\000I\000R\000C\000O\000M}{chapter.1}% 3
\BOOKMARK [1][-]{section.1.3}{\376\377\000R\0001\000C\000S}{chapter.1}% 4
\BOOKMARK [1][-]{section.1.4}{\376\377\000S\000n\000a\000r\000k\000j\000s}{chapter.1}% 5
\BOOKMARK [1][-]{section.1.5}{\376\377\000P\000r\000e\000\341\000m\000b\000u\000l\000o\000\040\000d\000e\000l\000\040\000p\000r\000o\000b\000l\000e\000m\000a}{chapter.1}% 6
\BOOKMARK [1][-]{section.1.6}{\376\377\000O\000b\000j\000e\000t\000i\000v\000o\000s\000\040\000y\000\040\000E\000s\000t\000r\000u\000c\000t\000u\000r\000a\000\040\000d\000e\000l\000\040\000t\000r\000a\000b\000a\000j\000o}{chapter.1}% 7
\BOOKMARK [2][-]{subsection.1.6.1}{\376\377\000O\000b\000j\000e\000t\000i\000v\000o\000s}{section.1.6}% 8
\BOOKMARK [2][-]{subsection.1.6.2}{\376\377\000E\000s\000t\000r\000u\000c\000t\000u\000r\000a\000\040\000d\000e\000l\000\040\000t\000r\000a\000b\000a\000j\000o}{section.1.6}% 9
\BOOKMARK [0][-]{chapter.2}{\376\377\000I\000n\000t\000r\000o\000d\000u\000c\000t\000i\000o\000n\000\040\000t\000o\000\040\000C\000i\000r\000c\000o\000m}{}% 10
\BOOKMARK [1][-]{section.2.1}{\376\377\000Z\000e\000r\000o\000-\000K\000n\000o\000w\000l\000e\000d\000g\000e\000\040\000P\000r\000o\000o\000f\000s}{chapter.2}% 11
\BOOKMARK [1][-]{section.2.2}{\376\377\000C\000I\000R\000C\000O\000M}{chapter.2}% 12
\BOOKMARK [1][-]{section.2.3}{\376\377\000R\0001\000C\000S}{chapter.2}% 13
\BOOKMARK [1][-]{section.2.4}{\376\377\000S\000n\000a\000r\000k\000j\000s}{chapter.2}% 14
\BOOKMARK [1][-]{section.2.5}{\376\377\000P\000r\000o\000b\000l\000e\000m\000\040\000P\000r\000e\000a\000m\000b\000l\000e}{chapter.2}% 15
\BOOKMARK [1][-]{section.2.6}{\376\377\000O\000b\000j\000e\000c\000t\000i\000v\000e\000s\000\040\000a\000n\000d\000\040\000W\000o\000r\000k\000\040\000S\000t\000r\000u\000c\000t\000u\000r\000e}{chapter.2}% 16
\BOOKMARK [2][-]{subsection.2.6.1}{\376\377\000O\000b\000j\000e\000c\000t\000i\000v\000e\000s}{section.2.6}% 17
\BOOKMARK [2][-]{subsection.2.6.2}{\376\377\000W\000o\000r\000k\000\040\000S\000t\000r\000u\000c\000t\000u\000r\000e}{section.2.6}% 18
\BOOKMARK [0][-]{chapter.3}{\376\377\000D\000e\000f\000i\000n\000i\000c\000i\000\363\000n\000\040\000d\000e\000l\000\040\000p\000r\000o\000b\000l\000e\000m\000a}{}% 19
\BOOKMARK [1][-]{section.3.1}{\376\377\000D\000e\000s\000c\000r\000i\000p\000c\000i\000\363\000n\000\040\000d\000e\000l\000\040\000p\000r\000o\000b\000l\000e\000m\000a}{chapter.3}% 20
\BOOKMARK [1][-]{section.3.2}{\376\377\000E\000j\000e\000m\000p\000l\000o\000:\000\040\000P\000i\000e\000d\000r\000a\000,\000\040\000P\000a\000p\000e\000l\000\040\000y\000\040\000T\000i\000j\000e\000r\000a}{chapter.3}% 21
\BOOKMARK [2][-]{subsection.3.2.1}{\376\377\000S\000e\000\361\000a\000l\000e\000s\000\040\000d\000e\000\040\000l\000o\000s\000\040\000j\000u\000g\000a\000d\000o\000r\000e\000s}{section.3.2}% 22
\BOOKMARK [2][-]{subsection.3.2.2}{\376\377\000S\000e\000\361\000a\000l\000\040\000d\000e\000l\000\040\000g\000a\000n\000a\000d\000o\000r}{section.3.2}% 23
\BOOKMARK [2][-]{subsection.3.2.3}{\376\377\000L\000\363\000g\000i\000c\000a\000\040\000d\000e\000l\000\040\000e\000m\000p\000a\000t\000e}{section.3.2}% 24
\BOOKMARK [2][-]{subsection.3.2.4}{\376\377\000L\000\363\000g\000i\000c\000a\000\040\000d\000e\000\040\000l\000o\000s\000\040\000j\000u\000g\000a\000d\000o\000r\000e\000s}{section.3.2}% 25
\BOOKMARK [0][-]{chapter.4}{\376\377\000D\000e\000s\000a\000r\000r\000o\000l\000l\000o\000\040\000d\000e\000l\000\040\000p\000r\000o\000b\000l\000e\000m\000a}{}% 26
\BOOKMARK [1][-]{section.4.1}{\376\377\000S\000\355\000n\000t\000e\000s\000i\000s\000\040\000d\000e\000\040\000r\000e\000s\000t\000r\000i\000c\000c\000i\000o\000n\000e\000s\000\040\000p\000a\000r\000a\000\040\000l\000a\000\040\000t\000r\000a\000d\000u\000c\000c\000i\000\363\000n\000\040\000d\000e\000\040\000e\000x\000p\000r\000e\000s\000i\000o\000n\000e\000s}{chapter.4}% 27
\BOOKMARK [2][-]{subsection.4.1.1}{\376\377\000C\000a\000s\000o\000s\000\040\000i\000n\000d\000u\000c\000t\000i\000v\000o\000s\000:\000\040\000R\000e\000g\000l\000a\000s\000\040\000d\000e\000\040\000t\000r\000a\000n\000s\000f\000o\000r\000m\000a\000c\000i\000\363\000n\000\040\000d\000e\000\040\000e\000x\000p\000r\000e\000s\000i\000o\000n\000e\000s}{section.4.1}% 28
\BOOKMARK [3][-]{subsubsection.4.1.1.1}{\376\377\000O\000p\000e\000r\000a\000d\000o\000r\000e\000s\000\040\000A\000r\000i\000t\000m\000\351\000t\000i\000c\000o\000s}{subsection.4.1.1}% 29
\BOOKMARK [3][-]{subsubsection.4.1.1.2}{\376\377\000O\000p\000e\000r\000a\000d\000o\000r\000e\000s\000\040\000L\000\363\000g\000i\000c\000o\000s}{subsection.4.1.1}% 30
\BOOKMARK [3][-]{subsubsection.4.1.1.3}{\376\377\000O\000p\000e\000r\000a\000d\000o\000r\000e\000s\000\040\000d\000e\000\040\000C\000o\000m\000p\000a\000r\000a\000c\000i\000\363\000n}{subsection.4.1.1}% 31
\BOOKMARK [3][-]{subsubsection.4.1.1.4}{\376\377\000O\000p\000e\000r\000a\000d\000o\000r\000e\000s\000\040\000d\000e\000\040\000d\000e\000s\000p\000l\000a\000z\000a\000m\000i\000e\000n\000t\000o}{subsection.4.1.1}% 32
\BOOKMARK [2][-]{subsection.4.1.2}{\376\377\000C\000a\000s\000o\000s\000\040\000i\000n\000d\000u\000c\000t\000i\000v\000o\000s\000:\000\040\000R\000e\000g\000l\000a\000s\000\040\000d\000e\000\040\000t\000r\000a\000n\000s\000f\000o\000r\000m\000a\000c\000i\000\363\000n\000\040\000d\000e\000\040\000i\000n\000s\000t\000r\000u\000c\000c\000i\000o\000n\000e\000s}{section.4.1}% 33
\BOOKMARK [3][-]{subsubsection.4.1.2.1}{\376\377\000I\000n\000s\000t\000r\000u\000c\000c\000i\000o\000n\000e\000s\000\040\000c\000o\000n\000d\000i\000c\000i\000o\000n\000a\000l\000e\000s}{subsection.4.1.2}% 34
\BOOKMARK [0][-]{chapter.5}{\376\377\000I\000m\000p\000l\000e\000m\000e\000n\000t\000a\000c\000i\000\363\000n\000\040\000d\000e\000l\000\040\000p\000r\000o\000b\000l\000e\000m\000a}{}% 35
\BOOKMARK [1][-]{section.5.1}{\376\377\000E\000j\000e\000m\000p\000l\000o\000\040\000d\000e\000\040\000i\000m\000p\000l\000e\000m\000e\000n\000t\000a\000c\000i\000\363\000n}{chapter.5}% 36
\BOOKMARK [0][-]{chapter.6}{\376\377\000V\000e\000r\000i\000f\000i\000c\000a\000c\000i\000\363\000n\000\040\000d\000e\000\040\000l\000o\000s\000\040\000o\000p\000e\000r\000a\000d\000o\000r\000e\000s}{}% 37
\BOOKMARK [1][-]{section.6.1}{\376\377\000R\000e\000s\000u\000l\000t\000a\000d\000o\000s\000\040\000o\000b\000t\000e\000n\000i\000d\000o\000s}{chapter.6}% 38
\BOOKMARK [2][-]{subsection.6.1.1}{\376\377\000O\000p\000e\000r\000a\000d\000o\000r\000e\000s\000\040\000A\000r\000i\000t\000m\000\351\000t\000i\000c\000o\000s}{section.6.1}% 39
\BOOKMARK [2][-]{subsection.6.1.2}{\376\377\000O\000p\000e\000r\000a\000d\000o\000r\000e\000s\000\040\000L\000\363\000g\000i\000c\000o\000s}{section.6.1}% 40
\BOOKMARK [2][-]{subsection.6.1.3}{\376\377\000O\000p\000e\000r\000a\000d\000o\000r\000e\000s\000\040\000d\000e\000\040\000C\000o\000m\000p\000a\000r\000a\000c\000i\000\363\000n}{section.6.1}% 41
\BOOKMARK [2][-]{subsection.6.1.4}{\376\377\000O\000p\000e\000r\000a\000d\000o\000r\000e\000s\000\040\000d\000e\000\040\000D\000e\000s\000p\000l\000a\000z\000a\000m\000i\000e\000n\000t\000o}{section.6.1}% 42
\BOOKMARK [0][-]{chapter.7}{\376\377\000E\000x\000p\000e\000r\000i\000m\000e\000n\000t\000o\000s}{}% 43
\BOOKMARK [1][-]{section.7.1}{\376\377\000A\000p\000l\000i\000c\000a\000c\000i\000\363\000n\000\040\000d\000e\000\040\000l\000a\000\040\000g\000e\000n\000e\000r\000a\000c\000i\000\363\000n\000\040\000a\000u\000t\000o\000m\000\341\000t\000i\000c\000a\000\040\000s\000o\000b\000r\000e\000\040\000j\000u\000e\000g\000o\000s\000\040\000s\000i\000m\000p\000l\000e\000s}{chapter.7}% 44
\BOOKMARK [2][-]{subsection.7.1.1}{\376\377\000P\000i\000e\000d\000r\000a\000,\000\040\000P\000a\000p\000e\000l\000\040\000y\000\040\000T\000i\000j\000e\000r\000a}{section.7.1}% 45
\BOOKMARK [2][-]{subsection.7.1.2}{\376\377\000C\000a\000n\000\355\000b\000a\000l\000e\000s\000\040\000y\000\040\000m\000i\000s\000i\000o\000n\000e\000r\000o\000s}{section.7.1}% 46
\BOOKMARK [2][-]{subsection.7.1.3}{\376\377\000T\000r\000e\000s\000\040\000e\000n\000\040\000r\000a\000y\000a}{section.7.1}% 47
\BOOKMARK [2][-]{subsection.7.1.4}{\376\377\000S\000u\000d\000o\000k\000u}{section.7.1}% 48
\BOOKMARK [1][-]{section.7.2}{\376\377\000A\000p\000l\000i\000c\000a\000c\000i\000\363\000n\000\040\000d\000e\000\040\000l\000a\000\040\000g\000e\000n\000e\000r\000a\000c\000i\000\363\000n\000\040\000a\000u\000t\000o\000m\000\341\000t\000i\000c\000a\000\040\000s\000o\000b\000r\000e\000\040\000c\000i\000r\000c\000o\000m\000l\000i\000b\000\040\000y\000\040\000c\000o\000m\000p\000a\000r\000a\000c\000i\000\363\000n\000\040\000d\000e\000\040\000c\000o\000n\000s\000t\000r\000a\000i\000n\000t\000s}{chapter.7}% 49
\BOOKMARK [1][-]{section.7.3}{\376\377\000A\000n\000\341\000l\000i\000s\000i\000s\000\040\000d\000e\000\040\000r\000e\000s\000u\000l\000t\000a\000d\000o\000s}{chapter.7}% 50
\BOOKMARK [0][-]{chapter.8}{\376\377\000C\000o\000n\000c\000l\000u\000s\000i\000o\000n\000e\000s\000\040\000y\000\040\000T\000r\000a\000b\000a\000j\000o\000\040\000F\000u\000t\000u\000r\000o}{}% 51
\BOOKMARK [1][-]{section.8.1}{\376\377\000C\000o\000n\000c\000l\000u\000s\000i\000o\000n\000e\000s}{chapter.8}% 52
\BOOKMARK [1][-]{section.8.2}{\376\377\000T\000r\000a\000b\000a\000j\000o\000\040\000F\000u\000t\000u\000r\000o}{chapter.8}% 53
\BOOKMARK [0][-]{chapter.9}{\376\377\000C\000o\000n\000c\000l\000u\000s\000i\000o\000n\000s\000\040\000a\000n\000d\000\040\000F\000u\000t\000u\000r\000e\000\040\000W\000o\000r\000k}{}% 54
\BOOKMARK [1][-]{section.9.1}{\376\377\000C\000o\000n\000c\000l\000u\000s\000i\000o\000n\000s}{chapter.9}% 55
\BOOKMARK [1][-]{section.9.2}{\376\377\000F\000u\000t\000u\000r\000e\000\040\000W\000o\000r\000k}{chapter.9}% 56
\BOOKMARK [0][-]{appendix.Alph1}{\376\377\000P\000r\000o\000b\000l\000e\000m\000\341\000t\000i\000c\000a\000\040\000d\000e\000\040\000l\000o\000s\000\040\000n\000\372\000m\000e\000r\000o\000s\000\040\000n\000e\000g\000a\000t\000i\000v\000o\000s}{}% 57
\BOOKMARK [0][-]{appendix.Alph2}{\376\377\000V\000e\000r\000i\000f\000i\000c\000a\000c\000i\000\363\000n\000\040\000d\000e\000\040\000o\000p\000e\000r\000a\000d\000o\000r\000e\000s}{}% 58
\BOOKMARK [1][-]{section.Alph2.1}{\376\377\000O\000p\000e\000r\000a\000d\000o\000r\000e\000s\000\040\000A\000r\000i\000t\000m\000\351\000t\000i\000c\000o\000s}{appendix.Alph2}% 59
\BOOKMARK [2][-]{subsection.Alph2.1.1}{\376\377\000D\000i\000v\000i\000s\000i\000\363\000n}{section.Alph2.1}% 60
\BOOKMARK [2][-]{subsection.Alph2.1.2}{\376\377\000M\000\363\000d\000u\000l\000o}{section.Alph2.1}% 61
\BOOKMARK [1][-]{section.Alph2.2}{\376\377\000O\000p\000e\000r\000a\000d\000o\000r\000e\000s\000\040\000l\000\363\000g\000i\000c\000o\000s}{appendix.Alph2}% 62
\BOOKMARK [2][-]{subsection.Alph2.2.1}{\376\377\000A\000N\000D\000\040\000b\000i\000n\000a\000r\000i\000o}{section.Alph2.2}% 63
\BOOKMARK [2][-]{subsection.Alph2.2.2}{\376\377\000O\000R\000\040\000b\000i\000n\000a\000r\000i\000o}{section.Alph2.2}% 64
\BOOKMARK [1][-]{section.Alph2.3}{\376\377\000O\000p\000e\000r\000a\000d\000o\000r\000e\000s\000\040\000d\000e\000\040\000d\000e\000s\000p\000l\000a\000z\000a\000m\000i\000e\000n\000t\000o}{appendix.Alph2}% 65
\BOOKMARK [2][-]{subsection.Alph2.3.1}{\376\377\000D\000e\000s\000p\000l\000a\000z\000a\000m\000i\000e\000n\000t\000o\000\040\000a\000\040\000l\000a\000\040\000i\000z\000q\000u\000i\000e\000r\000d\000a}{section.Alph2.3}% 66
\BOOKMARK [2][-]{subsection.Alph2.3.2}{\376\377\000D\000e\000s\000p\000l\000a\000z\000a\000m\000i\000e\000n\000t\000o\000\040\000a\000\040\000l\000a\000\040\000d\000e\000r\000e\000c\000h\000a}{section.Alph2.3}% 67
